// Jest Snapshot v1, https://goo.gl/fbAQLP

exports[`MarkersProgressBarOverlayContainer renders matching snapshot 1`] = `
<View
  style={
    Array [
      Object {
        "height": "100%",
        "left": 0,
        "position": "absolute",
        "top": 0,
        "width": "100%",
      },
      undefined,
    ]
  }
>
  <MarkerProgressBarOverlay
    duration={60}
    key="0"
    marker={
      Object {
        "start": "start",
        "text": "Hello, world!",
        "type": "text",
      }
    }
  />
  <MarkerProgressBarOverlay
    duration={60}
    key="1"
    marker={
      Object {
        "iconUrl": "http://example.com/icon.png",
        "start": "start",
        "type": "icon",
      }
    }
  />
</View>
`;
