// Jest Snapshot v1, https://goo.gl/fbAQLP

exports[`TextMarker renders matching snapshot 1`] = `
<TouchableWithoutFeedback
  onPress={[Function]}
>
  <View
    style={
      Array [
        Object {
          "backgroundColor": "black",
          "borderColor": "#4E4E4E",
          "borderRadius": 2,
          "borderWidth": 1,
          "bottom": 6,
          "left": -8,
          "padding": 2,
          "position": "absolute",
          "shadowColor": "black",
          "shadowOffset": Object {
            "height": 2,
            "width": 0,
          },
          "shadowOpacity": 0.5,
          "shadowRadius": 4,
          "width": 70,
        },
        undefined,
        undefined,
        false,
      ]
    }
  >
    <Text
      numberOfLines={4}
      style={
        Object {
          "color": "white",
          "fontSize": 13,
          "lineHeight": 13,
          "textAlign": "center",
        }
      }
      suppressHighlighting={true}
    >
      Hello...
    </Text>
    <View
      style={
        Array [
          Object {
            "borderBottomWidth": 0,
            "borderColor": "transparent",
            "borderTopColor": "#4E4E4E",
            "borderWidth": 6,
            "bottom": -6,
            "height": 0,
            "left": 2,
            "position": "absolute",
            "width": 0,
          },
          undefined,
          false,
        ]
      }
    />
  </View>
</TouchableWithoutFeedback>
`;
