// Jest Snapshot v1, https://goo.gl/fbAQLP

exports[`MarkersContainer renders matching snapshot 1`] = `
<AnimatedComponent
  pointerEvents="box-none"
  style={
    Array [
      Object {
        "height": 64,
      },
      Object {
        "width": 100,
      },
      undefined,
    ]
  }
>
  <Marker
    containerWidth={100}
    duration={60}
    key="0"
    marker={
      Object {
        "start": "start",
        "text": "Hello, world!",
        "type": "text",
      }
    }
    onSeek={[Function]}
    onTouch={[Function]}
    style={
      Object {
        "zIndex": 2,
      }
    }
  />
  <Marker
    containerWidth={100}
    duration={60}
    key="1"
    marker={
      Object {
        "iconUrl": "http://example.com/icon.png",
        "start": "start",
        "type": "icon",
      }
    }
    onSeek={[Function]}
    onTouch={[Function]}
    style={
      Object {
        "zIndex": 1,
      }
    }
  />
</AnimatedComponent>
`;
